do $$
  Object.prototype[Symbol.iterator] = function() {
     return {
       next:() => this
     }
  };
  [...({})];
$$ language plv8;
ERROR:  out of memory
do $$
  Object.prototype[Symbol.iterator] = function() {
     return {
       next:() => this
     }
  };
  [...({})];
$$ language plv8;
ERROR:  out of memory
