do $$
  Object.prototype[Symbol.iterator] = function() {
     return {
       next:() => this
     }
  };
  [...({})];
$$ language plv8;
ERROR:  Out of memory error
do $$
  Object.prototype[Symbol.iterator] = function() {
     return {
       next:() => this
     }
  };
  [...({})];
$$ language plv8;
ERROR:  Out of memory error
