CREATE FUNCTION
        conv        
--------------------
 {"b": 20, "i": 10}
(1 row)

    conv    
------------
 [1, 10, 3]
(1 row)

